[2025-09-02 12:00:51 +0530] [513612] [INFO] Starting gunicorn 23.0.0
[2025-09-02 12:00:51 +0530] [513612] [INFO] Listening at: http://0.0.0.0:1026 (513612)
[2025-09-02 12:00:51 +0530] [513612] [INFO] Using worker: uvicorn.workers.UvicornWorker
[2025-09-02 12:00:51 +0530] [513617] [INFO] Booting worker with pid: 513617
[2025-09-02 12:00:51 +0530] [513617] [ERROR] Exception in worker process
Traceback (most recent call last):
  File "/home/arushis/miniconda3/envs/Evollm/lib/python3.11/site-packages/gunicorn/arbiter.py", line 608, in spawn_worker
    worker.init_process()
  File "/home/arushis/miniconda3/envs/Evollm/lib/python3.11/site-packages/uvicorn/workers.py", line 66, in init_process
    super(UvicornWorker, self).init_process()
  File "/home/arushis/miniconda3/envs/Evollm/lib/python3.11/site-packages/gunicorn/workers/base.py", line 135, in init_process
    self.load_wsgi()
  File "/home/arushis/miniconda3/envs/Evollm/lib/python3.11/site-packages/gunicorn/workers/base.py", line 147, in load_wsgi
    self.wsgi = self.app.wsgi()
                ^^^^^^^^^^^^^^^
  File "/home/arushis/miniconda3/envs/Evollm/lib/python3.11/site-packages/gunicorn/app/base.py", line 66, in wsgi
    self.callable = self.load()
                    ^^^^^^^^^^^
  File "/home/arushis/miniconda3/envs/Evollm/lib/python3.11/site-packages/gunicorn/app/wsgiapp.py", line 57, in load
    return self.load_wsgiapp()
           ^^^^^^^^^^^^^^^^^^^
  File "/home/arushis/miniconda3/envs/Evollm/lib/python3.11/site-packages/gunicorn/app/wsgiapp.py", line 47, in load_wsgiapp
    return util.import_app(self.app_uri)
           ^^^^^^^^^^^^^^^^^^^^^^^^^^^^^
  File "/home/arushis/miniconda3/envs/Evollm/lib/python3.11/site-packages/gunicorn/util.py", line 370, in import_app
    mod = importlib.import_module(module)
          ^^^^^^^^^^^^^^^^^^^^^^^^^^^^^^^
  File "/home/arushis/miniconda3/envs/Evollm/lib/python3.11/importlib/__init__.py", line 126, in import_module
    return _bootstrap._gcd_import(name[level:], package, level)
           ^^^^^^^^^^^^^^^^^^^^^^^^^^^^^^^^^^^^^^^^^^^^^^^^^^^^
  File "<frozen importlib._bootstrap>", line 1204, in _gcd_import
  File "<frozen importlib._bootstrap>", line 1176, in _find_and_load
  File "<frozen importlib._bootstrap>", line 1126, in _find_and_load_unlocked
  File "<frozen importlib._bootstrap>", line 241, in _call_with_frames_removed
  File "<frozen importlib._bootstrap>", line 1204, in _gcd_import
  File "<frozen importlib._bootstrap>", line 1176, in _find_and_load
  File "<frozen importlib._bootstrap>", line 1140, in _find_and_load_unlocked
ModuleNotFoundError: No module named 'app'
[2025-09-02 12:00:51 +0530] [513617] [INFO] Worker exiting (pid: 513617)
[2025-09-02 12:00:51 +0530] [513612] [ERROR] Worker (pid:513617) exited with code 3
[2025-09-02 12:00:51 +0530] [513612] [ERROR] Shutting down: Master
[2025-09-02 12:00:51 +0530] [513612] [ERROR] Reason: Worker failed to boot.
